BL51 BANKED LINKER/LOCATER V6.22.2.0                                                    01/29/2023  23:04:20  PAGE 1


BL51 BANKED LINKER/LOCATER V6.22.2.0, INVOKED BY:
C:\KEIL_V5\C51\BIN\BL51.EXE .\Objects\STARTUP.obj, .\Objects\main.obj TO .\Objects\Test PRINT (.\Listings\Test.m51)


MEMORY MODEL: SMALL


INPUT MODULES INCLUDED:
  .\Objects\STARTUP.obj (?C_STARTUP)
  .\Objects\main.obj (MAIN)
  C:\KEIL_V5\C51\LIB\C51S.LIB (?C_INIT)


LINK MAP OF MODULE:  .\Objects\Test (?C_STARTUP)


            TYPE    BASE      LENGTH    RELOCATION   SEGMENT NAME
            -----------------------------------------------------

            * * * * * * *   D A T A   M E M O R Y   * * * * * * *
            REG     0000H     0008H     ABSOLUTE     "REG BANK 0"
            DATA    0008H     0002H     UNIT         ?DT?MAIN
            IDATA   000AH     0001H     UNIT         ?STACK

            * * * * * * *   C O D E   M E M O R Y   * * * * * * *
            CODE    0000H     0003H     ABSOLUTE     
            CODE    0003H     0003H     ABSOLUTE     
            CODE    0006H     000BH     UNIT         ?PR?_DELAY?MAIN
                    0011H     0002H                  *** GAP ***
            CODE    0013H     0003H     ABSOLUTE     
            CODE    0016H     008CH     UNIT         ?C_C51STARTUP
            CODE    00A2H     002BH     UNIT         ?PR?SENSOR_IN?MAIN
            CODE    00CDH     002BH     UNIT         ?PR?SENSOR_OUT?MAIN
            CODE    00F8H     0024H     UNIT         ?PR?MAIN?MAIN
            CODE    011CH     0005H     UNIT         ?C_INITSEG



OVERLAY MAP OF MODULE:   .\Objects\Test (?C_STARTUP)


SEGMENT
  +--> CALLED SEGMENT
---------------------
?C_C51STARTUP
  +--> ?PR?MAIN?MAIN
  +--> ?C_INITSEG

*** NEW ROOT ***************************************************

?PR?SENSOR_IN?MAIN
  +--> ?PR?_DELAY?MAIN

*** NEW ROOT ***************************************************

?PR?SENSOR_OUT?MAIN
  +--> ?PR?_DELAY?MAIN

BL51 BANKED LINKER/LOCATER V6.22.2.0                                                  01/29/2023  23:04:20  PAGE 2




SYMBOL TABLE OF MODULE:  .\Objects\Test (?C_STARTUP)

  VALUE           TYPE          NAME
  ----------------------------------

  -------         MODULE        ?C_STARTUP
  C:0016H         SEGMENT       ?C_C51STARTUP
  I:000AH         SEGMENT       ?STACK
  C:0000H         PUBLIC        ?C_STARTUP
  D:00E0H         SYMBOL        ACC
  D:00F0H         SYMBOL        B
  D:0083H         SYMBOL        DPH
  D:0082H         SYMBOL        DPL
  N:0000H         SYMBOL        IBPSTACK
  N:0100H         SYMBOL        IBPSTACKTOP
  N:0080H         SYMBOL        IDATALEN
  C:0019H         SYMBOL        IDATALOOP
  N:0000H         SYMBOL        PBPSTACK
  N:0100H         SYMBOL        PBPSTACKTOP
  N:0000H         SYMBOL        PDATALEN
  N:0000H         SYMBOL        PDATASTART
  N:0000H         SYMBOL        PPAGE
  N:0000H         SYMBOL        PPAGEENABLE
  D:00A0H         SYMBOL        PPAGE_SFR
  D:0081H         SYMBOL        SP
  C:0016H         SYMBOL        STARTUP1
  N:0000H         SYMBOL        XBPSTACK
  N:0000H         SYMBOL        XBPSTACKTOP
  N:0000H         SYMBOL        XDATALEN
  N:0000H         SYMBOL        XDATASTART
  C:0000H         LINE#         126
  C:0016H         LINE#         133
  C:0018H         LINE#         134
  C:0019H         LINE#         135
  C:001AH         LINE#         136
  C:001CH         LINE#         185
  C:001FH         LINE#         196
  -------         ENDMOD        ?C_STARTUP

  -------         MODULE        MAIN
  C:0000H         SYMBOL        _ICE_DUMMY_
  D:00A0H         PUBLIC        P2
  D:0008H         PUBLIC        counter
  B:00A8H.7       PUBLIC        EA
  B:0090H.0       PUBLIC        P1_0
  C:0006H         PUBLIC        _delay
  B:0090H.1       PUBLIC        P1_1
  C:00F8H         PUBLIC        main
  B:00A8H.0       PUBLIC        EX0
  B:0088H.0       PUBLIC        IT0
  B:00A8H.2       PUBLIC        EX1
  B:0088H.2       PUBLIC        IT1
  C:00A2H         PUBLIC        sensor_in
  C:00CDH         PUBLIC        sensor_out
  -------         PROC          _DELAY
BL51 BANKED LINKER/LOCATER V6.22.2.0                                                  01/29/2023  23:04:20  PAGE 3


  D:0006H         SYMBOL        time
  C:0006H         LINE#         5
  C:0006H         LINE#         6
  C:0010H         LINE#         7
  -------         ENDPROC       _DELAY
  -------         PROC          SENSOR_IN
  C:00A2H         LINE#         9
  C:00AFH         LINE#         11
  C:00B7H         LINE#         12
  C:00B9H         LINE#         13
  C:00C0H         LINE#         14
  C:00C2H         LINE#         15
  -------         ENDPROC       SENSOR_IN
  -------         PROC          SENSOR_OUT
  C:00CDH         LINE#         17
  C:00DAH         LINE#         19
  C:00E2H         LINE#         20
  C:00E4H         LINE#         21
  C:00EBH         LINE#         22
  C:00EDH         LINE#         23
  -------         ENDPROC       SENSOR_OUT
  -------         PROC          MAIN
  C:00F8H         LINE#         24
  C:00F8H         LINE#         25
  C:00F8H         LINE#         26
  C:00FAH         LINE#         27
  C:00FCH         LINE#         28
  C:00FEH         LINE#         29
  C:0100H         LINE#         30
  C:0102H         LINE#         31
  C:0102H         LINE#         32
  C:0102H         LINE#         33
  C:0108H         LINE#         34
  C:0108H         LINE#         35
  C:010AH         LINE#         36
  C:010AH         LINE#         37
  C:0117H         LINE#         38
  C:0117H         LINE#         39
  C:011AH         LINE#         40
  C:011AH         LINE#         41
  -------         ENDPROC       MAIN
  -------         ENDMOD        MAIN

Program Size: data=11.0 xdata=0 code=287
LINK/LOCATE RUN COMPLETE.  0 WARNING(S),  0 ERROR(S)
